Microchip MPLAB XC8 Compiler V2.32

Linker command line:

-W-3 --edf=C:\Program Files\Microchip\xc8\v2.32\pic\dat\en_msgs.txt -cn \
  -h+dist/default/production\automate.X.production.sym \
  --cmf=dist/default/production\automate.X.production.cmf -z -Q16LF1939 \
  -oC:\Users\Michel\AppData\Local\Temp\xcAsk6o.4 --defsym=__MPLAB_BUILD=1 \
  -Mdist/default/production/automate.X.production.map -E1 -ver=XC8 Compiler \
  --acfsm=1493 -ASTACK=020A0h-023EFh -pstack=STACK -ACODE=00h-07FFhx8 \
  -ASTRCODE=00h-03FFFh -ASTRING=00h-0FFhx64 -ACONST=00h-0FFhx64 \
  -AENTRY=00h-0FFhx64 -ACOMMON=070h-07Fh -ABANK0=020h-06Fh \
  -ABANK1=0A0h-0EFh -ABANK2=0120h-016Fh -ABANK3=01A0h-01EFh \
  -ABANK4=0220h-026Fh -ABANK5=02A0h-02EFh -ABANK6=0320h-036Fh \
  -ABANK7=03A0h-03EFh -ABANK8=0420h-046Fh -ABANK9=04A0h-04EFh \
  -ABANK10=0520h-056Fh -ABANK11=05A0h-05EFh -ABANK12=0620h-064Fh \
  -ABIGRAM=02000h-023EFh \
  -ARAM=020h-06Fh,0A0h-0EFh,0120h-016Fh,01A0h-01EFh,0220h-026Fh,02A0h-02EFh,0320h-036Fh,03A0h-03EFh,0420h-046Fh,04A0h-04EFh,0520h-056Fh,05A0h-05EFh,0620h-064Fh \
  -AABS1=020h-07Fh,0A0h-0EFh,0120h-016Fh,01A0h-01EFh,0220h-026Fh,02A0h-02EFh,0320h-036Fh,03A0h-03EFh,0420h-046Fh,04A0h-04EFh,0520h-056Fh,05A0h-05EFh,0620h-064Fh \
  -ASFR0=00h-01Fh -ASFR1=080h-09Fh -ASFR2=0100h-011Fh -ASFR3=0180h-019Fh \
  -ASFR4=0200h-021Fh -ASFR5=0280h-029Fh -ASFR6=0300h-031Fh \
  -ASFR7=0380h-039Fh -ASFR8=0400h-041Fh -ASFR9=0480h-049Fh \
  -ASFR10=0500h-051Fh -ASFR11=0580h-059Fh -ASFR12=0600h-061Fh \
  -ASFR13=0680h-06EFh -ASFR14=0700h-076Fh -ASFR15=0780h-07EFh \
  -ASFR16=0800h-086Fh -ASFR17=0880h-08EFh -ASFR18=0900h-096Fh \
  -ASFR19=0980h-09EFh -ASFR20=0A00h-0A6Fh -ASFR21=0A80h-0AEFh \
  -ASFR22=0B00h-0B6Fh -ASFR23=0B80h-0BEFh -ASFR24=0C00h-0C6Fh \
  -ASFR25=0C80h-0CEFh -ASFR26=0D00h-0D6Fh -ASFR27=0D80h-0DEFh \
  -ASFR28=0E00h-0E6Fh -ASFR29=0E80h-0EEFh -ASFR30=0F00h-0F6Fh \
  -ASFR31=0F80h-0FEFh -ACONFIG=08007h-08008h -DCONFIG=2 \
  -AIDLOC=08000h-08003h -DIDLOC=2 -AEEDATA=00h-0FFh/0F000h \
  -peeprom_data=EEDATA -DEEDATA=2 -DCODE=2 -DSTRCODE=2 -DSTRING=2 -DCONST=2 \
  -DENTRY=2 -preset_vec=00h,intentry=04h,init,end_init -ppowerup=CODE \
  -pcinit=CODE -pfunctab=ENTRY -k \
  C:\Users\Michel\AppData\Local\Temp\xcAsk6o.o \
  dist/default/production\automate.X.production.o 

Object code version is 3.11

Machine type is 16LF1939



                Name                               Link     Load   Length Selector   Space Scale
C:\Users\Michel\AppData\Local\Temp\xcAsk6o.o
                end_init                             47       47        2        8       0
                reset_vec                             0        0        2        0       0
                config                             8007     8007        2        0       4
                idloc                              8000     8000        4        0       5
dist/default/production\automate.X.production.o
                cinit                                49       49       19        8       0
                intentry                              4        4       43        8       0
                config                             8007     8007        2        0       4
                idloc                              8000     8000        4        0       5
                text77                              5D8      5D8       1A      7F0       0
                text76                              FE7      FE7        4     1FCE       0
                text75                              FD1      FD1        1     1FA2       0
                text74                              FEB      FEB        4     1FD6       0
                text73                              38D      38D       3A        8       0
                text72                              576      576       22      7F0       0
                text71                              FD5      FD5        3     1FAA       0
                text70                              FD8      FD8        3     1FB0       0
                text69                              6FA      6FA       10      DD4       0
                text68                              52E      52E       26      7F0       0
                text67                              727      727        D      E4E       0
                text66                              6B9      6B9       11      7F0       0
                text65                              6A8      6A8       11      7F0       0
                text64                              697      697       11      7F0       0
                text63                              686      686       11      7F0       0
                text62                              5F2      5F2       18      7F0       0
                text61                              FD3      FD3        2     1FA6       0
                text60                                2        2        2        0       0
                text59                              FDB      FDB        3     1FB6       0
                text58                              FEF      FEF        4     1FDE       0
                text57                              FDE      FDE        3     1FBC       0
                text56                              FF3      FF3        4     1FE6       0
                text55                              FFB      FFB        5     1FF6       0
                text54                              7C9      7C9        6      EF6       0
                text53                              FE1      FE1        3     1FC2       0
                text52                              427      427       2F      7F0       0
                text51                              7F7      7F7        5      EF6       0
                text50                              76A      76A        9      ED4       0
                text49                              783      783        8      EF6       0
                text48                              26C      26C       55        8       0
                text47                              2C1      2C1       46        8       0
                text46                              792      792        7      EF6       0
                text45                              7F2      7F2        5      EF6       0
                text44                              7ED      7ED        5      EF6       0
                text43                              7E8      7E8        5      EF6       0
                text42                              7E3      7E3        5      EF6       0
                text41                              7DE      7DE        5      EF6       0
                text40                              7D9      7D9        5      EF6       0
                text39                              7D4      7D4        5      EF6       0
                text38                              7CF      7CF        5      EF6       0
                text37                              484      484       2C      7F0       0
                text36                              FE4      FE4        3     1FC8       0
                text35                              456      456       2E      7F0       0
                text34                              FF7      FF7        4     1FEE       0
                text32                              598      598       21      7F0       0
                text31                              4DB      4DB       2B      7F0       0
                text30                              74C      74C        B      E4E       0
                text29                              740      740        C      E4E       0
                text28                              7C3      7C3        6      EF6       0
                text27                              7BD      7BD        6      EF6       0
                text26                              6EA      6EA       10      DD4       0
                text25                              64D      64D       14      7F0       0
                text24                              637      637       16      7F0       0
                text23                              621      621       16      7F0       0
                text22                              165      165       8B        8       0
                text21                              3F8      3F8       2F      7F0       0
                text20                              60A      60A       17      7F0       0
                text19                              5B9      5B9       1F      7F0       0
                text18                              77B      77B        8      EF6       0
                text17                              7B7      7B7        6      EF6       0
                text16                              7B1      7B1        6      EF6       0
                text15                              7AB      7AB        6      EF6       0
                text14                              7A5      7A5        6      EF6       0
                text13                              79F      79F        6      EF6       0
                text12                              307      307       45        8       0
                text11                              757      757        A      E4E       0
                text10                              734      734        C      E4E       0
                text9                               554      554       22      7F0       0
                text8                               7FC      7FC        4      EF6       0
                text7                               661      661       13      7F0       0
                text6                               4B0      4B0       2B      7F0       0
                text5                               78B      78B        7      EF6       0
                text4                               34C      34C       41        8       0
                text3                               1F0      1F0       7C        8       0
                text2                               506      506       28      7F0       0
                text1                               674      674       12      7F0       0
                maintext                             62       62      103        8       0
                cstackBANK0                          46       46       24       20       1
                cstackCOMMON                         70       70        D       70       1
                cstackBANK1                          ED       ED        3       A0       1
                clrtext                             799      799        6      EF6       0
                bssBANK1                             A0       A0       4D       A0       1
                dataBANK0                            6A       6A        1       20       1
                bssBANK0                             20       20       26       20       1
                bssCOMMON                            7D       7D        1       70       1
                stringtext7                         773      773        8      EE6       0
                stringtext6                         761      761        9      EC2       0
                stringtext5                         719      719        E      E14       0
                stringtext4                         70A      70A        F      E14       0
                stringtext3                         6DA      6DA       10      D94       0
                stringtext2                         6CA      6CA       10      D94       0
                stringtext1                         3C7      3C7       31      78E       0
                idataBANK0                          FD2      FD2        1     1FA4       0

TOTAL           Name                               Link     Load   Length     Space
        CLASS   STACK          

        CLASS   CODE           
                end_init                             47       47        2         0
                cinit                                49       49       19         0
                intentry                              4        4       43         0
                reset_vec                             0        0        2         0
                text77                              5D8      5D8       1A         0
                text76                              FE7      FE7        4         0
                text75                              FD1      FD1        1         0
                text74                              FEB      FEB        4         0
                text73                              38D      38D       3A         0
                text72                              576      576       22         0
                text71                              FD5      FD5        3         0
                text70                              FD8      FD8        3         0
                text69                              6FA      6FA       10         0
                text68                              52E      52E       26         0
                text67                              727      727        D         0
                text66                              6B9      6B9       11         0
                text65                              6A8      6A8       11         0
                text64                              697      697       11         0
                text63                              686      686       11         0
                text62                              5F2      5F2       18         0
                text61                              FD3      FD3        2         0
                text60                                2        2        2         0
                text59                              FDB      FDB        3         0
                text58                              FEF      FEF        4         0
                text57                              FDE      FDE        3         0
                text56                              FF3      FF3        4         0
                text55                              FFB      FFB        5         0
                text54                              7C9      7C9        6         0
                text53                              FE1      FE1        3         0
                text52                              427      427       2F         0
                text51                              7F7      7F7        5         0
                text50                              76A      76A        9         0
                text49                              783      783        8         0
                text48                              26C      26C       55         0
                text47                              2C1      2C1       46         0
                text46                              792      792        7         0
                text45                              7F2      7F2        5         0
                text44                              7ED      7ED        5         0
                text43                              7E8      7E8        5         0
                text42                              7E3      7E3        5         0
                text41                              7DE      7DE        5         0
                text40                              7D9      7D9        5         0
                text39                              7D4      7D4        5         0
                text38                              7CF      7CF        5         0
                text37                              484      484       2C         0
                text36                              FE4      FE4        3         0
                text35                              456      456       2E         0
                text34                              FF7      FF7        4         0
                text32                              598      598       21         0
                text31                              4DB      4DB       2B         0
                text30                              74C      74C        B         0
                text29                              740      740        C         0
                text28                              7C3      7C3        6         0
                text27                              7BD      7BD        6         0
                text26                              6EA      6EA       10         0
                text25                              64D      64D       14         0
                text24                              637      637       16         0
                text23                              621      621       16         0
                text22                              165      165       8B         0
                text21                              3F8      3F8       2F         0
                text20                              60A      60A       17         0
                text19                              5B9      5B9       1F         0
                text18                              77B      77B        8         0
                text17                              7B7      7B7        6         0
                text16                              7B1      7B1        6         0
                text15                              7AB      7AB        6         0
                text14                              7A5      7A5        6         0
                text13                              79F      79F        6         0
                text12                              307      307       45         0
                text11                              757      757        A         0
                text10                              734      734        C         0
                text9                               554      554       22         0
                text8                               7FC      7FC        4         0
                text7                               661      661       13         0
                text6                               4B0      4B0       2B         0
                text5                               78B      78B        7         0
                text4                               34C      34C       41         0
                text3                               1F0      1F0       7C         0
                text2                               506      506       28         0
                text1                               674      674       12         0
                maintext                             62       62      103         0
                clrtext                             799      799        6         0
                idataBANK0                          FD2      FD2        1         0

        CLASS   STRCODE        
                stringtext7                         773      773        8         0
                stringtext6                         761      761        9         0
                stringtext5                         719      719        E         0
                stringtext4                         70A      70A        F         0
                stringtext3                         6DA      6DA       10         0
                stringtext2                         6CA      6CA       10         0
                stringtext1                         3C7      3C7       31         0

        CLASS   STRING         

        CLASS   CONST          

        CLASS   ENTRY          

        CLASS   COMMON         
                cstackCOMMON                         70       70        D         1
                bssCOMMON                            7D       7D        1         1

        CLASS   BANK0          
                cstackBANK0                          46       46       24         1
                dataBANK0                            6A       6A        1         1
                bssBANK0                             20       20       26         1

        CLASS   BANK1          
                cstackBANK1                          ED       ED        3         1
                bssBANK1                             A0       A0       4D         1

        CLASS   BANK2          

        CLASS   BANK3          

        CLASS   BANK4          

        CLASS   BANK5          

        CLASS   BANK6          

        CLASS   BANK7          

        CLASS   BANK8          

        CLASS   BANK9          

        CLASS   BANK10         

        CLASS   BANK11         

        CLASS   BANK12         

        CLASS   BIGRAM         

        CLASS   RAM            

        CLASS   ABS1           
                abs_s1                               7E       7E        2         1

        CLASS   SFR0           

        CLASS   SFR1           

        CLASS   SFR2           

        CLASS   SFR3           

        CLASS   SFR4           

        CLASS   SFR5           

        CLASS   SFR6           

        CLASS   SFR7           

        CLASS   SFR8           

        CLASS   SFR9           

        CLASS   SFR10          

        CLASS   SFR11          

        CLASS   SFR12          

        CLASS   SFR13          

        CLASS   SFR14          

        CLASS   SFR15          

        CLASS   SFR16          

        CLASS   SFR17          

        CLASS   SFR18          

        CLASS   SFR19          

        CLASS   SFR20          

        CLASS   SFR21          

        CLASS   SFR22          

        CLASS   SFR23          

        CLASS   SFR24          

        CLASS   SFR25          

        CLASS   SFR26          

        CLASS   SFR27          

        CLASS   SFR28          

        CLASS   SFR29          

        CLASS   SFR30          

        CLASS   SFR31          

        CLASS   CONFIG         
                config                             8007     8007        2         4

        CLASS   IDLOC          
                idloc                              8000     8000        4         5

        CLASS   EEDATA         

        CLASS   BANK31         

        CLASS   BANK30         

        CLASS   BANK29         

        CLASS   BANK28         

        CLASS   BANK27         

        CLASS   BANK26         

        CLASS   BANK25         

        CLASS   BANK24         

        CLASS   BANK23         

        CLASS   BANK22         

        CLASS   BANK21         

        CLASS   BANK20         

        CLASS   BANK19         

        CLASS   BANK18         

        CLASS   BANK17         

        CLASS   BANK16         

        CLASS   BANK15         

        CLASS   BANK14         

        CLASS   BANK13         



SEGMENTS        Name                           Load    Length   Top    Selector   Space  Class     Delta

                reset_vec                      000000  000004  000004         0       0  CODE        2
                intentry                       000004  0003C3  0003C7         8       0  CODE        2
                bssBANK0                       000020  00004B  00006B        20       1  BANK0       1
                cstackCOMMON                   000070  00000E  00007E        70       1  COMMON      1
                bssBANK1                       0000A0  000050  0000F0        A0       1  BANK1       1
                stringtext1                    0003C7  000031  0003F8       78E       0  STRCODE     2
                text21                         0003F8  0002D2  0006CA       7F0       0  CODE        2
                stringtext2                    0006CA  000020  0006EA       D94       0  STRCODE     2
                text26                         0006EA  000020  00070A       DD4       0  CODE        2
                stringtext4                    00070A  00001D  000727       E14       0  STRCODE     2
                text67                         000727  00003A  000761       E4E       0  CODE        2
                stringtext6                    000761  000009  00076A       EC2       0  STRCODE     2
                text50                         00076A  000009  000773       ED4       0  CODE        2
                stringtext7                    000773  000008  00077B       EE6       0  STRCODE     2
                text18                         00077B  000085  000800       EF6       0  CODE        2
                text75                         000FD1  000001  000FD2      1FA2       0  CODE        2
                idataBANK0                     000FD2  000001  000FD3      1FA4       0  CODE        2
                text61                         000FD3  000002  000FD5      1FA6       0  CODE        2
                text71                         000FD5  000003  000FD8      1FAA       0  CODE        2
                text70                         000FD8  000003  000FDB      1FB0       0  CODE        2
                text59                         000FDB  000003  000FDE      1FB6       0  CODE        2
                text57                         000FDE  000003  000FE1      1FBC       0  CODE        2
                text53                         000FE1  000003  000FE4      1FC2       0  CODE        2
                text36                         000FE4  000003  000FE7      1FC8       0  CODE        2
                text76                         000FE7  000004  000FEB      1FCE       0  CODE        2
                text74                         000FEB  000004  000FEF      1FD6       0  CODE        2
                text58                         000FEF  000004  000FF3      1FDE       0  CODE        2
                text56                         000FF3  000004  000FF7      1FE6       0  CODE        2
                text34                         000FF7  000004  000FFB      1FEE       0  CODE        2
                text55                         000FFB  000005  001000      1FF6       0  CODE        2


UNUSED ADDRESS RANGES

        Name                Unused          Largest block    Delta
        BANK0            0006B-0006F               5           1
        BANK10           00520-0056F              50           1
        BANK11           005A0-005EF              50           1
        BANK12           00620-0064F              30           1
        BANK2            00120-0016F              50           1
        BANK3            001A0-001EF              50           1
        BANK4            00220-0026F              50           1
        BANK5            002A0-002EF              50           1
        BANK6            00320-0036F              50           1
        BANK7            003A0-003EF              50           1
        BANK8            00420-0046F              50           1
        BANK9            004A0-004EF              50           1
        BIGRAM           02000-023EF             3F0           1
        CODE             00800-00FD0             7D1           2
                         01000-03FFF             800
        CONST            00800-00FD0             100           2
                         01000-03FFF             100
        EEDATA           0F000-0F0FF             100           2
        ENTRY            00800-00FD0             100           2
                         01000-03FFF             100
        RAM              0006B-0006F               5           1
                         00120-0016F              50
                         001A0-001EF              50
                         00220-0026F              50
                         002A0-002EF              50
                         00320-0036F              50
                         003A0-003EF              50
                         00420-0046F              50
                         004A0-004EF              50
                         00520-0056F              50
                         005A0-005EF              50
                         00620-0064F              30
        SFR0             00000-0001F              20           1
        SFR1             00080-0009F              20           1
        SFR10            00500-0051F              20           1
        SFR11            00580-0059F              20           1
        SFR12            00600-0061F              20           1
        SFR13            00680-006EF              70           1
        SFR14            00700-0076F              70           1
        SFR15            00780-007EF              70           1
        SFR16            00800-0086F              70           1
        SFR17            00880-008EF              70           1
        SFR18            00900-0096F              70           1
        SFR19            00980-009EF              70           1
        SFR2             00100-0011F              20           1
        SFR20            00A00-00A6F              70           1
        SFR21            00A80-00AEF              70           1
        SFR22            00B00-00B6F              70           1
        SFR23            00B80-00BEF              70           1
        SFR24            00C00-00C6F              70           1
        SFR25            00C80-00CEF              70           1
        SFR26            00D00-00D6F              70           1
        SFR27            00D80-00DEF              70           1
        SFR28            00E00-00E6F              70           1
        SFR29            00E80-00EEF              70           1
        SFR3             00180-0019F              20           1
        SFR30            00F00-00F6F              70           1
        SFR31            00F80-00FEF              70           1
        SFR4             00200-0021F              20           1
        SFR5             00280-0029F              20           1
        SFR6             00300-0031F              20           1
        SFR7             00380-0039F              20           1
        SFR8             00400-0041F              20           1
        SFR9             00480-0049F              20           1
        STACK            020A0-023EF             350           1
        STRCODE          00800-00FD0             7D1           2
                         01000-03FFF            3000
        STRING           00800-00FD0             100           2
                         01000-03FFF             100

                                  Symbol Table

?_ADC_GetConversion                            cstackBANK0  00049
?_printf                                       cstackBANK0  00064
?_vfpfcnvrt                                    cstackBANK0  00054
?_vfprintf                                     cstackBANK0  0005C
ADC_GetConversion@channel                      cstackBANK0  0004C
EUSART_Read@readValue                          cstackBANK0  0004A
EUSART_SetErrorHandler@interruptHandler        cstackBANK0  00049
EUSART_SetFramingErrorHandler@interruptHandler cstackBANK0  00049
EUSART_SetOverrunErrorHandler@interruptHandler cstackBANK0  00049
EUSART_SetRxInterruptHandler@interruptHandler  cstackBANK0  00049
EUSART_SetTxInterruptHandler@interruptHandler  cstackBANK0  00049
EUSART_Write@txData                            cstackBANK0  0004A
I2C_CallbackReturnReset@funPtr                 cstackCOMMON 00079
I2C_MasterSendTxData@data                      cstackCOMMON 00070
I2C_Master_Write@data                          cstackBANK0  00049
I2C_SetBuffer@buffer                           cstackCOMMON 00073
I2C_SetBuffer@bufferSize                       cstackCOMMON 00070
I2C_SetCallback@cb                             cstackCOMMON 00070
I2C_SetCallback@idx                            cstackCOMMON 00074
I2C_SetCallback@ptr                            cstackCOMMON 00072
I2C_SetDataCompleteCallback@cb                 cstackCOMMON 00075
I2C_SetDataCompleteCallback@ptr                cstackCOMMON 00077
IO_Expander_Write@Data                         cstackBANK0  0004A
LCD_CMD@CMD                                    cstackBANK0  0004E
LCD_Init@I2C_Add                               cstackBANK0  00051
LCD_Set_Cursor@COL                             cstackBANK0  0004F
LCD_Set_Cursor@ROW                             cstackBANK0  00052
LCD_Write_4Bit@Nibble                          cstackBANK0  0004C
LCD_Write_Char@Data                            cstackBANK0  0004E
LCD_Write_String@Str                           cstackBANK0  0004F
LCD_Write_String@i                             cstackBANK0  00052
_ACKDT                                         (abs)        010B5
_ACKEN                                         (abs)        010B4
_ACKSTAT                                       (abs)        010B6
_ADCON0                                        (abs)        0009D
_ADCON0bits                                    (abs)        0009D
_ADCON1                                        (abs)        0009E
_ADC_GetConversion                             text32       00598
_ADC_Initialize                                text18       0077B
_ADRESH                                        (abs)        0009C
_ADRESL                                        (abs)        0009B
_ANSELA                                        (abs)        0018C
_ANSELB                                        (abs)        0018D
_ANSELD                                        (abs)        0018F
_ANSELE                                        (abs)        00190
_APFCON                                        (abs)        0011D
_BAUDCON                                       (abs)        0019F
_BORCON                                        (abs)        00116
_BackLight_State                               dataBANK0    0006A
_EUSART_DefaultErrorHandler                    text76       00FE7
_EUSART_DefaultFramingErrorHandler             text75       00FD1
_EUSART_DefaultOverrunErrorHandler             text74       00FEB
_EUSART_ErrorHandler                           bssBANK0     00030
_EUSART_FramingErrorHandler                    bssBANK0     00034
_EUSART_Initialize                             text12       00307
_EUSART_OverrunErrorHandler                    bssBANK0     00032
_EUSART_Read                                   text31       004DB
_EUSART_Receive_ISR                            text73       0038D
_EUSART_RxDataHandler                          text77       005D8
_EUSART_RxDefaultInterruptHandler              bssBANK0     00036
_EUSART_SetErrorHandler                        text17       007B7
_EUSART_SetFramingErrorHandler                 text16       007B1
_EUSART_SetOverrunErrorHandler                 text15       007AB
_EUSART_SetRxInterruptHandler                  text14       007A5
_EUSART_SetTxInterruptHandler                  text13       0079F
_EUSART_Transmit_ISR                           text72       00576
_EUSART_TxDefaultInterruptHandler              bssBANK0     00038
_EUSART_Write                                  text6        004B0
_I2C_CallbackReturnReset                       text60       00002
_I2C_CallbackReturnStop                        text61       00FD3
_I2C_DO_ADDRESS_NACK                           text37       00484
_I2C_DO_IDLE                                   text51       007F7
_I2C_DO_RCEN                                   text46       00792
_I2C_DO_RESET                                  text38       007CF
_I2C_DO_RX                                     text47       002C1
_I2C_DO_RX_ACK                                 text41       007DE
_I2C_DO_RX_NACK_RESTART                        text39       007D4
_I2C_DO_RX_NACK_STOP                           text40       007D9
_I2C_DO_SEND_ADR_READ                          text50       0076A
_I2C_DO_SEND_ADR_WRITE                         text49       00783
_I2C_DO_SEND_RESTART                           text43       007E8
_I2C_DO_SEND_RESTART_READ                      text45       007F2
_I2C_DO_SEND_RESTART_WRITE                     text44       007ED
_I2C_DO_SEND_STOP                              text42       007E3
_I2C_DO_TX                                     text48       0026C
_I2C_DO_TX_EMPTY                               text52       00427
_I2C_Initialize                                text11       00757
_I2C_MasterClearIrq                            text36       00FE4
_I2C_MasterEnableRestart                       text71       00FD5
_I2C_MasterFsm                                 text35       00456
_I2C_MasterGetRxData                           text57       00FDE
_I2C_MasterIsNack                              text54       007C9
_I2C_MasterIsr                                 text34       00FF7
_I2C_MasterSendAck                             text56       00FF3
_I2C_MasterSendNack                            text58       00FEF
_I2C_MasterSendTxData                          text55       00FFB
_I2C_MasterSetIrq                              text53       00FE1
_I2C_MasterStartRx                             text59       00FDB
_I2C_MasterStop                                text70       00FD8
_I2C_Master_Init                               text30       0074C
_I2C_Master_Start                              text28       007C3
_I2C_Master_Stop                               text27       007BD
_I2C_Master_Wait                               text29       00740
_I2C_Master_Write                              text26       006EA
_I2C_SetBuffer                                 text69       006FA
_I2C_SetCallback                               text68       0052E
_I2C_SetDataCompleteCallback                   text67       00727
_I2C_Status                                    bssBANK1     000C0
_INTCONbits                                    (abs)        0000B
_INTERRUPT_InterruptManager                    intentry     00004
_IO_Expander_Write                             text25       0064D
_LATA                                          (abs)        0010C
_LATAbits                                      (abs)        0010C
_LATB                                          (abs)        0010D
_LATC                                          (abs)        0010E
_LATD                                          (abs)        0010F
_LATE                                          (abs)        00110
_LCD_CMD                                       text23       00621
_LCD_Init                                      text22       00165
_LCD_Set_Cursor                                text21       003F8
_LCD_Write_4Bit                                text24       00637
_LCD_Write_Char                                text20       0060A
_LCD_Write_String                              text19       005B9
_MSSP_InterruptHandler                         bssBANK0     0003C
_OPTION_REGbits                                (abs)        00095
_OSCCON                                        (abs)        00099
_OSCILLATOR_Initialize                         text10       00734
_OSCTUNE                                       (abs)        00098
_PEN                                           (abs)        010B2
_PIE1bits                                      (abs)        00091
_PIE2bits                                      (abs)        00092
_PIN_MANAGER_Initialize                        text9        00554
_PIR1bits                                      (abs)        00011
_PIR2bits                                      (abs)        00012
_PLLR                                          (abs)        004D6
_PORTDbits                                     (abs)        0000F
_RCEN                                          (abs)        010B3
_RCREG                                         (abs)        00199
_RCSTA                                         (abs)        0019D
_RCSTAbits                                     (abs)        0019D
_RS                                            bssCOMMON    0007D
_RSEN                                          (abs)        010B1
_SEN                                           (abs)        010B0
_SPBRGH                                        (abs)        0019C
_SPBRGL                                        (abs)        0019B
_SSPADD                                        (abs)        00212
_SSPBUF                                        (abs)        00211
_SSPCON                                        (abs)        00215
_SSPCON1                                       (abs)        00215
_SSPCON1bits                                   (abs)        00215
_SSPCON2                                       (abs)        00216
_SSPCON2bits                                   (abs)        00216
_SSPIF                                         (abs)        0008B
_SSPSTAT                                       (abs)        00214
_SSPSTATbits                                   (abs)        00214
_SYSTEM_Initialize                             text7        00661
_TRISA                                         (abs)        0008C
_TRISB                                         (abs)        0008D
_TRISC                                         (abs)        0008E
_TRISC3                                        (abs)        00473
_TRISC4                                        (abs)        00474
_TRISD                                         (abs)        0008F
_TRISE                                         (abs)        00090
_TXREG                                         (abs)        0019A
_TXSTA                                         (abs)        0019E
_TXSTAbits                                     (abs)        0019E
_WDTCON                                        (abs)        00097
_WDT_Initialize                                text8        007FC
_WPUB                                          (abs)        0020D
_WPUE                                          (abs)        00210
__Habs1                                        abs1         00000
__Hbank0                                       bank0        00000
__Hbank1                                       bank1        00000
__Hbank10                                      bank10       00000
__Hbank11                                      bank11       00000
__Hbank12                                      bank12       00000
__Hbank13                                      bank13       00000
__Hbank14                                      bank14       00000
__Hbank15                                      bank15       00000
__Hbank16                                      bank16       00000
__Hbank17                                      bank17       00000
__Hbank18                                      bank18       00000
__Hbank19                                      bank19       00000
__Hbank2                                       bank2        00000
__Hbank20                                      bank20       00000
__Hbank21                                      bank21       00000
__Hbank22                                      bank22       00000
__Hbank23                                      bank23       00000
__Hbank24                                      bank24       00000
__Hbank25                                      bank25       00000
__Hbank26                                      bank26       00000
__Hbank27                                      bank27       00000
__Hbank28                                      bank28       00000
__Hbank29                                      bank29       00000
__Hbank3                                       bank3        00000
__Hbank30                                      bank30       00000
__Hbank31                                      bank31       00000
__Hbank4                                       bank4        00000
__Hbank5                                       bank5        00000
__Hbank6                                       bank6        00000
__Hbank7                                       bank7        00000
__Hbank8                                       bank8        00000
__Hbank9                                       bank9        00000
__Hbigram                                      bigram       00000
__HbssBANK0                                    bssBANK0     00000
__HbssBANK1                                    bssBANK1     00000
__HbssCOMMON                                   bssCOMMON    00000
__Hcinit                                       cinit        00062
__Hclrtext                                     clrtext      00000
__Hcode                                        code         00000
__Hcommon                                      common       00000
__Hconfig                                      config       08009
__HcstackBANK0                                 cstackBANK0  00000
__HcstackBANK1                                 cstackBANK1  00000
__HcstackCOMMON                                cstackCOMMON 00000
__HdataBANK0                                   dataBANK0    00000
__Heeprom_data                                 eeprom_data  00000
__Hend_init                                    end_init     00049
__Hfunctab                                     functab      00000
__HidataBANK0                                  idataBANK0   00000
__Hidloc                                       idloc        08004
__Hinit                                        init         00047
__Hintentry                                    intentry     00047
__Hmaintext                                    maintext     00000
__Hpowerup                                     powerup      00000
__Hram                                         ram          00000
__Hreset_vec                                   reset_vec    00002
__Hsfr0                                        sfr0         00000
__Hsfr1                                        sfr1         00000
__Hsfr10                                       sfr10        00000
__Hsfr11                                       sfr11        00000
__Hsfr12                                       sfr12        00000
__Hsfr13                                       sfr13        00000
__Hsfr14                                       sfr14        00000
__Hsfr15                                       sfr15        00000
__Hsfr16                                       sfr16        00000
__Hsfr17                                       sfr17        00000
__Hsfr18                                       sfr18        00000
__Hsfr19                                       sfr19        00000
__Hsfr2                                        sfr2         00000
__Hsfr20                                       sfr20        00000
__Hsfr21                                       sfr21        00000
__Hsfr22                                       sfr22        00000
__Hsfr23                                       sfr23        00000
__Hsfr24                                       sfr24        00000
__Hsfr25                                       sfr25        00000
__Hsfr26                                       sfr26        00000
__Hsfr27                                       sfr27        00000
__Hsfr28                                       sfr28        00000
__Hsfr29                                       sfr29        00000
__Hsfr3                                        sfr3         00000
__Hsfr30                                       sfr30        00000
__Hsfr31                                       sfr31        00000
__Hsfr4                                        sfr4         00000
__Hsfr5                                        sfr5         00000
__Hsfr6                                        sfr6         00000
__Hsfr7                                        sfr7         00000
__Hsfr8                                        sfr8         00000
__Hsfr9                                        sfr9         00000
__Hspace_0                                     (abs)        01000
__Hspace_1                                     (abs)        000F0
__Hspace_2                                     (abs)        00000
__Hspace_3                                     (abs)        00000
__Hspace_4                                     (abs)        10010
__Hstack                                       stack        00000
__Hstrings                                     strings      00000
__Hstringtext1                                 stringtext1  00000
__Hstringtext2                                 stringtext2  00000
__Hstringtext3                                 stringtext3  00000
__Hstringtext4                                 stringtext4  00000
__Hstringtext5                                 stringtext5  00000
__Hstringtext6                                 stringtext6  00000
__Hstringtext7                                 stringtext7  00000
__Hstringtext8                                 stringtext8  00000
__Htext                                        text         00000
__Labs1                                        abs1         00000
__Lbank0                                       bank0        00000
__Lbank1                                       bank1        00000
__Lbank10                                      bank10       00000
__Lbank11                                      bank11       00000
__Lbank12                                      bank12       00000
__Lbank13                                      bank13       00000
__Lbank14                                      bank14       00000
__Lbank15                                      bank15       00000
__Lbank16                                      bank16       00000
__Lbank17                                      bank17       00000
__Lbank18                                      bank18       00000
__Lbank19                                      bank19       00000
__Lbank2                                       bank2        00000
__Lbank20                                      bank20       00000
__Lbank21                                      bank21       00000
__Lbank22                                      bank22       00000
__Lbank23                                      bank23       00000
__Lbank24                                      bank24       00000
__Lbank25                                      bank25       00000
__Lbank26                                      bank26       00000
__Lbank27                                      bank27       00000
__Lbank28                                      bank28       00000
__Lbank29                                      bank29       00000
__Lbank3                                       bank3        00000
__Lbank30                                      bank30       00000
__Lbank31                                      bank31       00000
__Lbank4                                       bank4        00000
__Lbank5                                       bank5        00000
__Lbank6                                       bank6        00000
__Lbank7                                       bank7        00000
__Lbank8                                       bank8        00000
__Lbank9                                       bank9        00000
__Lbigram                                      bigram       00000
__LbssBANK0                                    bssBANK0     00000
__LbssBANK1                                    bssBANK1     00000
__LbssCOMMON                                   bssCOMMON    00000
__Lcinit                                       cinit        00049
__Lclrtext                                     clrtext      00000
__Lcode                                        code         00000
__Lcommon                                      common       00000
__Lconfig                                      config       00000
__LcstackBANK0                                 cstackBANK0  00000
__LcstackBANK1                                 cstackBANK1  00000
__LcstackCOMMON                                cstackCOMMON 00000
__LdataBANK0                                   dataBANK0    00000
__Leeprom_data                                 eeprom_data  00000
__Lend_init                                    end_init     00047
__Lfunctab                                     functab      00000
__LidataBANK0                                  idataBANK0   00000
__Lidloc                                       idloc        00000
__Linit                                        init         00047
__Lintentry                                    intentry     00004
__Lmaintext                                    maintext     00000
__Lpowerup                                     powerup      00000
__Lram                                         ram          00000
__Lreset_vec                                   reset_vec    00000
__Lsfr0                                        sfr0         00000
__Lsfr1                                        sfr1         00000
__Lsfr10                                       sfr10        00000
__Lsfr11                                       sfr11        00000
__Lsfr12                                       sfr12        00000
__Lsfr13                                       sfr13        00000
__Lsfr14                                       sfr14        00000
__Lsfr15                                       sfr15        00000
__Lsfr16                                       sfr16        00000
__Lsfr17                                       sfr17        00000
__Lsfr18                                       sfr18        00000
__Lsfr19                                       sfr19        00000
__Lsfr2                                        sfr2         00000
__Lsfr20                                       sfr20        00000
__Lsfr21                                       sfr21        00000
__Lsfr22                                       sfr22        00000
__Lsfr23                                       sfr23        00000
__Lsfr24                                       sfr24        00000
__Lsfr25                                       sfr25        00000
__Lsfr26                                       sfr26        00000
__Lsfr27                                       sfr27        00000
__Lsfr28                                       sfr28        00000
__Lsfr29                                       sfr29        00000
__Lsfr3                                        sfr3         00000
__Lsfr30                                       sfr30        00000
__Lsfr31                                       sfr31        00000
__Lsfr4                                        sfr4         00000
__Lsfr5                                        sfr5         00000
__Lsfr6                                        sfr6         00000
__Lsfr7                                        sfr7         00000
__Lsfr8                                        sfr8         00000
__Lsfr9                                        sfr9         00000
__Lspace_0                                     (abs)        00000
__Lspace_1                                     (abs)        00000
__Lspace_2                                     (abs)        00000
__Lspace_3                                     (abs)        00000
__Lspace_4                                     (abs)        00000
__Lstack                                       stack        00000
__Lstrings                                     strings      00000
__Lstringtext1                                 stringtext1  00000
__Lstringtext2                                 stringtext2  00000
__Lstringtext3                                 stringtext3  00000
__Lstringtext4                                 stringtext4  00000
__Lstringtext5                                 stringtext5  00000
__Lstringtext6                                 stringtext6  00000
__Lstringtext7                                 stringtext7  00000
__Lstringtext8                                 stringtext8  00000
__Ltext                                        text         00000
__S0                                           (abs)        01000
__S1                                           (abs)        000F0
__S2                                           (abs)        00000
__S3                                           (abs)        00000
___int_sp                                      stack        00000
___latbits                                     (abs)        00003
___sp                                          stack        00000
___stackhi                                     (abs)        023EF
___stacklo                                     (abs)        020A0
__end_of_ADC_GetConversion                     text32       005B9
__end_of_ADC_Initialize                        text18       00783
__end_of_EUSART_DefaultErrorHandler            text76       00FEB
__end_of_EUSART_DefaultFramingErrorHandler     text75       00FD2
__end_of_EUSART_DefaultOverrunErrorHandler     text74       00FEF
__end_of_EUSART_Initialize                     text12       0034C
__end_of_EUSART_Read                           text31       00506
__end_of_EUSART_Receive_ISR                    text73       003C7
__end_of_EUSART_RxDataHandler                  text77       005F2
__end_of_EUSART_SetErrorHandler                text17       007BD
__end_of_EUSART_SetFramingErrorHandler         text16       007B7
__end_of_EUSART_SetOverrunErrorHandler         text15       007B1
__end_of_EUSART_SetRxInterruptHandler          text14       007AB
__end_of_EUSART_SetTxInterruptHandler          text13       007A5
__end_of_EUSART_Transmit_ISR                   text72       00598
__end_of_EUSART_Write                          text6        004DB
__end_of_I2C_CallbackReturnReset               text60       00004
__end_of_I2C_CallbackReturnStop                text61       00FD5
__end_of_I2C_DO_ADDRESS_NACK                   text37       004B0
__end_of_I2C_DO_IDLE                           text51       007FC
__end_of_I2C_DO_RCEN                           text46       00799
__end_of_I2C_DO_RESET                          text38       007D4
__end_of_I2C_DO_RX                             text47       00307
__end_of_I2C_DO_RX_ACK                         text41       007E3
__end_of_I2C_DO_RX_NACK_RESTART                text39       007D9
__end_of_I2C_DO_RX_NACK_STOP                   text40       007DE
__end_of_I2C_DO_SEND_ADR_READ                  text50       00773
__end_of_I2C_DO_SEND_ADR_WRITE                 text49       0078B
__end_of_I2C_DO_SEND_RESTART                   text43       007ED
__end_of_I2C_DO_SEND_RESTART_READ              text45       007F7
__end_of_I2C_DO_SEND_RESTART_WRITE             text44       007F2
__end_of_I2C_DO_SEND_STOP                      text42       007E8
__end_of_I2C_DO_TX                             text48       002C1
__end_of_I2C_DO_TX_EMPTY                       text52       00456
__end_of_I2C_Initialize                        text11       00761
__end_of_I2C_MasterClearIrq                    text36       00FE7
__end_of_I2C_MasterEnableRestart               text71       00FD8
__end_of_I2C_MasterFsm                         text35       00484
__end_of_I2C_MasterGetRxData                   text57       00FE1
__end_of_I2C_MasterIsNack                      text54       007CF
__end_of_I2C_MasterIsr                         text34       00FFB
__end_of_I2C_MasterSendAck                     text56       00FF7
__end_of_I2C_MasterSendNack                    text58       00FF3
__end_of_I2C_MasterSendTxData                  text55       01000
__end_of_I2C_MasterSetIrq                      text53       00FE4
__end_of_I2C_MasterStartRx                     text59       00FDE
__end_of_I2C_MasterStop                        text70       00FDB
__end_of_I2C_Master_Init                       text30       00757
__end_of_I2C_Master_Start                      text28       007C9
__end_of_I2C_Master_Stop                       text27       007C3
__end_of_I2C_Master_Wait                       text29       0074C
__end_of_I2C_Master_Write                      text26       006FA
__end_of_I2C_SetBuffer                         text69       0070A
__end_of_I2C_SetCallback                       text68       00554
__end_of_I2C_SetDataCompleteCallback           text67       00734
__end_of_INTERRUPT_InterruptManager            intentry     00047
__end_of_IO_Expander_Write                     text25       00661
__end_of_LCD_CMD                               text23       00637
__end_of_LCD_Init                              text22       001F0
__end_of_LCD_Set_Cursor                        text21       00427
__end_of_LCD_Write_4Bit                        text24       0064D
__end_of_LCD_Write_Char                        text20       00621
__end_of_LCD_Write_String                      text19       005D8
__end_of_OSCILLATOR_Initialize                 text10       00740
__end_of_PIN_MANAGER_Initialize                text9        00576
__end_of_SYSTEM_Initialize                     text7        00674
__end_of_WDT_Initialize                        text8        00800
__end_of__initialization                       cinit        0005E
__end_of_fputc                                 text4        0038D
__end_of_i2c_fsmStateTable                     stringtext1  003E7
__end_of_main                                  maintext     00165
__end_of_printf                                text1        00686
__end_of_putch                                 text5        00792
__end_of_rd1RegCompleteHandler                 text65       006B9
__end_of_rd2RegCompleteHandler                 text64       006A8
__end_of_rdBlkRegCompleteHandler               text62       0060A
__end_of_vfpfcnvrt                             text3        0026C
__end_of_vfprintf                              text2        0052E
__end_of_wr1RegCompleteHandler                 text63       00697
__end_of_wr2RegCompleteHandler                 text66       006CA
__initialization                               cinit        00049
__pbssBANK0                                    bssBANK0     00020
__pbssBANK1                                    bssBANK1     000A0
__pbssCOMMON                                   bssCOMMON    0007D
__pcstackBANK0                                 cstackBANK0  00046
__pcstackBANK1                                 cstackBANK1  000ED
__pcstackCOMMON                                cstackCOMMON 00070
__pdataBANK0                                   dataBANK0    0006A
__pidataBANK0                                  idataBANK0   00FD2
__pintentry                                    intentry     00004
__pmaintext                                    maintext     00062
__pstringtext1                                 stringtext1  003C7
__pstringtext2                                 stringtext2  006CA
__pstringtext3                                 stringtext3  006DA
__pstringtext4                                 stringtext4  0070A
__pstringtext5                                 stringtext5  00719
__pstringtext6                                 stringtext6  00761
__pstringtext7                                 stringtext7  00773
__pstringtext8                                 stringtext8  00000
__ptext1                                       text1        00674
__ptext10                                      text10       00734
__ptext11                                      text11       00757
__ptext12                                      text12       00307
__ptext13                                      text13       0079F
__ptext14                                      text14       007A5
__ptext15                                      text15       007AB
__ptext16                                      text16       007B1
__ptext17                                      text17       007B7
__ptext18                                      text18       0077B
__ptext19                                      text19       005B9
__ptext2                                       text2        00506
__ptext20                                      text20       0060A
__ptext21                                      text21       003F8
__ptext22                                      text22       00165
__ptext23                                      text23       00621
__ptext24                                      text24       00637
__ptext25                                      text25       0064D
__ptext26                                      text26       006EA
__ptext27                                      text27       007BD
__ptext28                                      text28       007C3
__ptext29                                      text29       00740
__ptext3                                       text3        001F0
__ptext30                                      text30       0074C
__ptext31                                      text31       004DB
__ptext32                                      text32       00598
__ptext34                                      text34       00FF7
__ptext35                                      text35       00456
__ptext36                                      text36       00FE4
__ptext37                                      text37       00484
__ptext38                                      text38       007CF
__ptext39                                      text39       007D4
__ptext4                                       text4        0034C
__ptext40                                      text40       007D9
__ptext41                                      text41       007DE
__ptext42                                      text42       007E3
__ptext43                                      text43       007E8
__ptext44                                      text44       007ED
__ptext45                                      text45       007F2
__ptext46                                      text46       00792
__ptext47                                      text47       002C1
__ptext48                                      text48       0026C
__ptext49                                      text49       00783
__ptext5                                       text5        0078B
__ptext50                                      text50       0076A
__ptext51                                      text51       007F7
__ptext52                                      text52       00427
__ptext53                                      text53       00FE1
__ptext54                                      text54       007C9
__ptext55                                      text55       00FFB
__ptext56                                      text56       00FF3
__ptext57                                      text57       00FDE
__ptext58                                      text58       00FEF
__ptext59                                      text59       00FDB
__ptext6                                       text6        004B0
__ptext60                                      text60       00002
__ptext61                                      text61       00FD3
__ptext62                                      text62       005F2
__ptext63                                      text63       00686
__ptext64                                      text64       00697
__ptext65                                      text65       006A8
__ptext66                                      text66       006B9
__ptext67                                      text67       00727
__ptext68                                      text68       0052E
__ptext69                                      text69       006FA
__ptext7                                       text7        00661
__ptext70                                      text70       00FD8
__ptext71                                      text71       00FD5
__ptext72                                      text72       00576
__ptext73                                      text73       0038D
__ptext74                                      text74       00FEB
__ptext75                                      text75       00FD1
__ptext76                                      text76       00FE7
__ptext77                                      text77       005D8
__ptext8                                       text8        007FC
__ptext9                                       text9        00554
__size_of_ADC_GetConversion                    (abs)        00000
__size_of_ADC_Initialize                       (abs)        00000
__size_of_EUSART_DefaultErrorHandler           (abs)        00000
__size_of_EUSART_DefaultFramingErrorHandler    (abs)        00000
__size_of_EUSART_DefaultOverrunErrorHandler    (abs)        00000
__size_of_EUSART_Initialize                    (abs)        00000
__size_of_EUSART_Read                          (abs)        00000
__size_of_EUSART_Receive_ISR                   (abs)        00000
__size_of_EUSART_RxDataHandler                 (abs)        00000
__size_of_EUSART_SetErrorHandler               (abs)        00000
__size_of_EUSART_SetFramingErrorHandler        (abs)        00000
__size_of_EUSART_SetOverrunErrorHandler        (abs)        00000
__size_of_EUSART_SetRxInterruptHandler         (abs)        00000
__size_of_EUSART_SetTxInterruptHandler         (abs)        00000
__size_of_EUSART_Transmit_ISR                  (abs)        00000
__size_of_EUSART_Write                         (abs)        00000
__size_of_I2C_CallbackReturnReset              (abs)        00000
__size_of_I2C_CallbackReturnStop               (abs)        00000
__size_of_I2C_DO_ADDRESS_NACK                  (abs)        00000
__size_of_I2C_DO_IDLE                          (abs)        00000
__size_of_I2C_DO_RCEN                          (abs)        00000
__size_of_I2C_DO_RESET                         (abs)        00000
__size_of_I2C_DO_RX                            (abs)        00000
__size_of_I2C_DO_RX_ACK                        (abs)        00000
__size_of_I2C_DO_RX_NACK_RESTART               (abs)        00000
__size_of_I2C_DO_RX_NACK_STOP                  (abs)        00000
__size_of_I2C_DO_SEND_ADR_READ                 (abs)        00000
__size_of_I2C_DO_SEND_ADR_WRITE                (abs)        00000
__size_of_I2C_DO_SEND_RESTART                  (abs)        00000
__size_of_I2C_DO_SEND_RESTART_READ             (abs)        00000
__size_of_I2C_DO_SEND_RESTART_WRITE            (abs)        00000
__size_of_I2C_DO_SEND_STOP                     (abs)        00000
__size_of_I2C_DO_TX                            (abs)        00000
__size_of_I2C_DO_TX_EMPTY                      (abs)        00000
__size_of_I2C_Initialize                       (abs)        00000
__size_of_I2C_MasterClearIrq                   (abs)        00000
__size_of_I2C_MasterEnableRestart              (abs)        00000
__size_of_I2C_MasterFsm                        (abs)        00000
__size_of_I2C_MasterGetRxData                  (abs)        00000
__size_of_I2C_MasterIsNack                     (abs)        00000
__size_of_I2C_MasterIsr                        (abs)        00000
__size_of_I2C_MasterSendAck                    (abs)        00000
__size_of_I2C_MasterSendNack                   (abs)        00000
__size_of_I2C_MasterSendTxData                 (abs)        00000
__size_of_I2C_MasterSetIrq                     (abs)        00000
__size_of_I2C_MasterStartRx                    (abs)        00000
__size_of_I2C_MasterStop                       (abs)        00000
__size_of_I2C_Master_Init                      (abs)        00000
__size_of_I2C_Master_Start                     (abs)        00000
__size_of_I2C_Master_Stop                      (abs)        00000
__size_of_I2C_Master_Wait                      (abs)        00000
__size_of_I2C_Master_Write                     (abs)        00000
__size_of_I2C_SetBuffer                        (abs)        00000
__size_of_I2C_SetCallback                      (abs)        00000
__size_of_I2C_SetDataCompleteCallback          (abs)        00000
__size_of_INTERRUPT_InterruptManager           (abs)        00000
__size_of_IO_Expander_Write                    (abs)        00000
__size_of_LCD_CMD                              (abs)        00000
__size_of_LCD_Init                             (abs)        00000
__size_of_LCD_Set_Cursor                       (abs)        00000
__size_of_LCD_Write_4Bit                       (abs)        00000
__size_of_LCD_Write_Char                       (abs)        00000
__size_of_LCD_Write_String                     (abs)        00000
__size_of_OSCILLATOR_Initialize                (abs)        00000
__size_of_PIN_MANAGER_Initialize               (abs)        00000
__size_of_SYSTEM_Initialize                    (abs)        00000
__size_of_WDT_Initialize                       (abs)        00000
__size_of_fputc                                (abs)        00000
__size_of_main                                 (abs)        00000
__size_of_printf                               (abs)        00000
__size_of_putch                                (abs)        00000
__size_of_rd1RegCompleteHandler                (abs)        00000
__size_of_rd2RegCompleteHandler                (abs)        00000
__size_of_rdBlkRegCompleteHandler              (abs)        00000
__size_of_vfpfcnvrt                            (abs)        00000
__size_of_vfprintf                             (abs)        00000
__size_of_wr1RegCompleteHandler                (abs)        00000
__size_of_wr2RegCompleteHandler                (abs)        00000
_eusartRxBuffer                                bssBANK1     000DD
_eusartRxCount                                 bssBANK0     00040
_eusartRxHead                                  bssBANK0     00042
_eusartRxLastError                             bssBANK0     0003F
_eusartRxStatusBuffer                          bssBANK0     00020
_eusartRxTail                                  bssBANK0     00041
_eusartTxBuffer                                bssBANK1     000E5
_eusartTxBufferRemaining                       bssBANK0     00043
_eusartTxHead                                  bssBANK0     00045
_eusartTxTail                                  bssBANK0     00044
_flags                                         bssBANK0     0002E
_fputc                                         text4        0034C
_i2c_add                                       bssBANK0     0003E
_i2c_fsmStateTable                             stringtext1  003C7
_main                                          maintext     00062
_nout                                          bssBANK0     00028
_prec                                          bssBANK0     0002C
_printf                                        text1        00674
_putch                                         text5        0078B
_rd1RegCompleteHandler                         text65       006A8
_rd2RegCompleteHandler                         text64       00697
_rdBlkRegCompleteHandler                       text62       005F2
_vfpfcnvrt                                     text3        001F0
_vfprintf                                      text2        00506
_width                                         bssBANK0     0002A
_wr1RegCompleteHandler                         text63       00686
_wr2RegCompleteHandler                         text66       006B9
btemp                                          (abs)        0007E
clear_ram0                                     clrtext      00799
end_of_initialization                          cinit        0005E
fputc@c                                        cstackBANK0  0004C
fputc@fp                                       cstackBANK0  0004E
int$flags                                      (abs)        0007E
intlevel0                                      functab      00000
intlevel1                                      functab      00000
intlevel2                                      functab      00000
intlevel3                                      functab      00000
intlevel4                                      functab      00000
intlevel5                                      functab      00000
main@lectureAN1                                cstackBANK1  000ED
main@reception                                 cstackBANK1  000EF
printf@ap                                      cstackBANK0  00067
printf@fmt                                     cstackBANK0  00064
putch@txData                                   cstackBANK0  0004B
rd1RegCompleteHandler@ptr                      cstackCOMMON 00079
rd2RegCompleteHandler@ptr                      cstackCOMMON 00079
rdBlkRegCompleteHandler@ptr                    cstackCOMMON 00079
reset_vec                                      reset_vec    00000
start                                          init         00047
start_initialization                           cinit        00049
vfpfcnvrt@ap                                   cstackBANK0  00055
vfpfcnvrt@fmt                                  cstackBANK0  00054
vfpfcnvrt@fp                                   cstackBANK0  0005B
vfprintf@ap                                    cstackBANK0  0005E
vfprintf@cfmt                                  cstackBANK0  00062
vfprintf@fmt                                   cstackBANK0  0005C
vfprintf@fp                                    cstackBANK0  00061
wr1RegCompleteHandler@ptr                      cstackCOMMON 00079
wr2RegCompleteHandler@ptr                      cstackCOMMON 00079
wtemp0                                         (abs)        0007E


MODULE INFORMATION

Module		Function		Class		Link	Load	Size
C:\Program Files\Microchip\xc8\v2.32\pic\sources\c99\common\doprnt.c
		_vfpfcnvrt     		CODE           	01F0	0000	124
		_vfprintf      		CODE           	0506	0000	40

C:\Program Files\Microchip\xc8\v2.32\pic\sources\c99\common\doprnt.c estimated size: 164

mcc_generated_files/interrupt_manager.c
		_INTERRUPT_InterruptManager		CODE           	0004	0000	67

mcc_generated_files/interrupt_manager.c estimated size: 67

mcc_generated_files/examples/i2c_master_example.c
		_wr1RegCompleteHandler		CODE           	0686	0000	17
		_wr2RegCompleteHandler		CODE           	06B9	0000	17
		_rdBlkRegCompleteHandler		CODE           	05F2	0000	24
		_rd1RegCompleteHandler		CODE           	06A8	0000	17
		_rd2RegCompleteHandler		CODE           	0697	0000	17

mcc_generated_files/examples/i2c_master_example.c estimated size: 92

mcc_generated_files/pin_manager.c
		_PIN_MANAGER_Initialize		CODE           	0554	0000	34

mcc_generated_files/pin_manager.c estimated size: 34

mcc_generated_files/adc.c
		_ADC_Initialize		CODE           	077B	0000	8
		_ADC_GetConversion		CODE           	0598	0000	33

mcc_generated_files/adc.c estimated size: 41

shared
		__initialization		CODE           	0049	0000	21
		_i2c_fsmStateTable		STRCODE        	03C7	0000	32

shared estimated size: 53

I2C_LCD.c
		_LCD_Init      		CODE           	0165	0000	139
		_LCD_Write_4Bit		CODE           	0637	0000	22
		_LCD_Write_Char		CODE           	060A	0000	23
		_LCD_CMD       		CODE           	0621	0000	22
		_I2C_Master_Wait		CODE           	0740	0000	12
		_I2C_Master_Init		CODE           	074C	0000	11
		_I2C_Master_Stop		CODE           	07BD	0000	6
		_LCD_Set_Cursor		CODE           	03F8	0000	47
		_IO_Expander_Write		CODE           	064D	0000	20
		_I2C_Master_Write		CODE           	06EA	0000	16
		_I2C_Master_Start		CODE           	07C3	0000	6
		_LCD_Write_String		CODE           	05B9	0000	31

I2C_LCD.c estimated size: 355

mcc_generated_files/mcc.c
		_WDT_Initialize		CODE           	07FC	0000	4
		_OSCILLATOR_Initialize		CODE           	0734	0000	12
		_SYSTEM_Initialize		CODE           	0661	0000	19

mcc_generated_files/mcc.c estimated size: 35

mcc_generated_files/i2c_master.c
		_I2C_MasterStartRx		CODE           	0FDB	0000	3
		_I2C_DO_SEND_ADR_WRITE		CODE           	0783	0000	8
		_I2C_DO_SEND_STOP		CODE           	07E3	0000	5
		_I2C_MasterSendNack		CODE           	0FEF	0000	4
		_I2C_CallbackReturnStop		CODE           	0FD3	0000	2
		_I2C_DO_SEND_ADR_READ		CODE           	076A	0000	9
		_I2C_DO_RX_NACK_STOP		CODE           	07D9	0000	5
		_I2C_DO_SEND_RESTART		CODE           	07E8	0000	5
		_I2C_DO_RX     		CODE           	02C1	0000	70
		_I2C_DO_TX     		CODE           	026C	0000	85
		_I2C_DO_IDLE   		CODE           	07F7	0000	5
		_I2C_DO_RCEN   		CODE           	0792	0000	7
		_I2C_DO_RESET  		CODE           	07CF	0000	5
		_I2C_DO_RX_ACK 		CODE           	07DE	0000	5
		_I2C_MasterClearIrq		CODE           	0FE4	0000	3
		_I2C_MasterGetRxData		CODE           	0FDE	0000	3
		_I2C_SetCallback		CODE           	052E	0000	38
		_I2C_DO_ADDRESS_NACK		CODE           	0484	0000	44
		_I2C_MasterEnableRestart		CODE           	0FD5	0000	3
		_I2C_CallbackReturnReset		CODE           	0002	0000	2
		_I2C_DO_TX_EMPTY		CODE           	0427	0000	47
		_I2C_DO_SEND_RESTART_WRITE		CODE           	07ED	0000	5
		_I2C_MasterIsNack		CODE           	07C9	0000	6
		_I2C_SetDataCompleteCallback		CODE           	0727	0000	13
		_I2C_DO_RX_NACK_RESTART		CODE           	07D4	0000	5
		_I2C_MasterSendAck		CODE           	0FF3	0000	4
		_I2C_MasterFsm 		CODE           	0456	0000	46
		_I2C_MasterIsr 		CODE           	0FF7	0000	4
		_I2C_MasterSetIrq		CODE           	0FE1	0000	3
		_I2C_DO_SEND_RESTART_READ		CODE           	07F2	0000	5
		_I2C_Initialize		CODE           	0757	0000	10
		_I2C_SetBuffer 		CODE           	06FA	0000	16
		_I2C_MasterSendTxData		CODE           	0FFB	0000	5
		_I2C_MasterStop		CODE           	0FD8	0000	3

mcc_generated_files/i2c_master.c estimated size: 483

C:\Program Files\Microchip\xc8\v2.32\pic\sources\c99\common\printf.c
		_printf        		CODE           	0674	0000	18

C:\Program Files\Microchip\xc8\v2.32\pic\sources\c99\common\printf.c estimated size: 18

C:\Program Files\Microchip\xc8\v2.32\pic\sources\c99\common\nf_fputc.c
		_fputc         		CODE           	034C	0000	65

C:\Program Files\Microchip\xc8\v2.32\pic\sources\c99\common\nf_fputc.c estimated size: 65

mcc_generated_files/eusart.c
		_EUSART_SetRxInterruptHandler		CODE           	07A5	0000	6
		_EUSART_SetTxInterruptHandler		CODE           	079F	0000	6
		_putch         		CODE           	078B	0000	7
		_EUSART_Read   		CODE           	04DB	0000	43
		_EUSART_DefaultOverrunErrorHandler		CODE           	0FEB	0000	4
		_EUSART_Write  		CODE           	04B0	0000	43
		_EUSART_DefaultErrorHandler		CODE           	0FE7	0000	4
		_EUSART_Transmit_ISR		CODE           	0576	0000	34
		_EUSART_Initialize		CODE           	0307	0000	69
		_EUSART_SetFramingErrorHandler		CODE           	07B1	0000	6
		_EUSART_SetErrorHandler		CODE           	07B7	0000	6
		_EUSART_SetOverrunErrorHandler		CODE           	07AB	0000	6
		_EUSART_Receive_ISR		CODE           	038D	0000	58
		_EUSART_RxDataHandler		CODE           	05D8	0000	26
		_EUSART_DefaultFramingErrorHandler		CODE           	0FD1	0000	1

mcc_generated_files/eusart.c estimated size: 319

main.c
		_main          		CODE           	0062	0000	259

main.c estimated size: 259

